Archive member included to satisfy reference by file (symbol)

d:/amit/embedded systems/avr/bin/../lib/gcc/avr/7.3.0/avr5\libgcc.a(_udivmodqi4.o)
                              main.o (__udivmodqi4)
d:/amit/embedded systems/avr/bin/../lib/gcc/avr/7.3.0/avr5\libgcc.a(_udivmodsi4.o)
                              MTIMER_program.o (__udivmodsi4)
d:/amit/embedded systems/avr/bin/../lib/gcc/avr/7.3.0/avr5\libgcc.a(_exit.o)
                              d:/amit/embedded systems/avr/bin/../lib/gcc/avr/7.3.0/../../../../avr/lib/avr5/crtatmega32.o (exit)
d:/amit/embedded systems/avr/bin/../lib/gcc/avr/7.3.0/avr5\libgcc.a(_copy_data.o)
                              main.o (__do_copy_data)
d:/amit/embedded systems/avr/bin/../lib/gcc/avr/7.3.0/avr5\libgcc.a(_clear_bss.o)
                              MTIMER_program.o (__do_clear_bss)
d:/amit/embedded systems/avr/bin/../lib/gcc/avr/7.3.0/avr5\libgcc.a(_umulhisi3.o)
                              MTIMER_program.o (__umulhisi3)
d:/amit/embedded systems/avr/bin/../lib/gcc/avr/7.3.0/../../../../avr/lib/avr5\libm.a(addsf3.o)
                              HGLCD_program.o (__addsf3)
d:/amit/embedded systems/avr/bin/../lib/gcc/avr/7.3.0/../../../../avr/lib/avr5\libm.a(addsf3x.o)
                              d:/amit/embedded systems/avr/bin/../lib/gcc/avr/7.3.0/../../../../avr/lib/avr5\libm.a(addsf3.o) (__addsf3x)
d:/amit/embedded systems/avr/bin/../lib/gcc/avr/7.3.0/../../../../avr/lib/avr5\libm.a(divsf3.o)
                              main.o (__divsf3)
d:/amit/embedded systems/avr/bin/../lib/gcc/avr/7.3.0/../../../../avr/lib/avr5\libm.a(divsf3x.o)
                              d:/amit/embedded systems/avr/bin/../lib/gcc/avr/7.3.0/../../../../avr/lib/avr5\libm.a(divsf3.o) (__divsf3x)
d:/amit/embedded systems/avr/bin/../lib/gcc/avr/7.3.0/../../../../avr/lib/avr5\libm.a(fixunssfsi.o)
                              main.o (__fixunssfsi)
d:/amit/embedded systems/avr/bin/../lib/gcc/avr/7.3.0/../../../../avr/lib/avr5\libm.a(floatsisf.o)
                              main.o (__floatunsisf)
d:/amit/embedded systems/avr/bin/../lib/gcc/avr/7.3.0/../../../../avr/lib/avr5\libm.a(fp_inf.o)
                              d:/amit/embedded systems/avr/bin/../lib/gcc/avr/7.3.0/../../../../avr/lib/avr5\libm.a(addsf3x.o) (__fp_inf)
d:/amit/embedded systems/avr/bin/../lib/gcc/avr/7.3.0/../../../../avr/lib/avr5\libm.a(fp_nan.o)
                              d:/amit/embedded systems/avr/bin/../lib/gcc/avr/7.3.0/../../../../avr/lib/avr5\libm.a(addsf3x.o) (__fp_nan)
d:/amit/embedded systems/avr/bin/../lib/gcc/avr/7.3.0/../../../../avr/lib/avr5\libm.a(fp_pscA.o)
                              d:/amit/embedded systems/avr/bin/../lib/gcc/avr/7.3.0/../../../../avr/lib/avr5\libm.a(addsf3x.o) (__fp_pscA)
d:/amit/embedded systems/avr/bin/../lib/gcc/avr/7.3.0/../../../../avr/lib/avr5\libm.a(fp_pscB.o)
                              d:/amit/embedded systems/avr/bin/../lib/gcc/avr/7.3.0/../../../../avr/lib/avr5\libm.a(addsf3x.o) (__fp_pscB)
d:/amit/embedded systems/avr/bin/../lib/gcc/avr/7.3.0/../../../../avr/lib/avr5\libm.a(fp_round.o)
                              d:/amit/embedded systems/avr/bin/../lib/gcc/avr/7.3.0/../../../../avr/lib/avr5\libm.a(addsf3.o) (__fp_round)
d:/amit/embedded systems/avr/bin/../lib/gcc/avr/7.3.0/../../../../avr/lib/avr5\libm.a(fp_split3.o)
                              d:/amit/embedded systems/avr/bin/../lib/gcc/avr/7.3.0/../../../../avr/lib/avr5\libm.a(addsf3x.o) (__fp_split3)
d:/amit/embedded systems/avr/bin/../lib/gcc/avr/7.3.0/../../../../avr/lib/avr5\libm.a(fp_zero.o)
                              d:/amit/embedded systems/avr/bin/../lib/gcc/avr/7.3.0/../../../../avr/lib/avr5\libm.a(addsf3x.o) (__fp_zero)
d:/amit/embedded systems/avr/bin/../lib/gcc/avr/7.3.0/../../../../avr/lib/avr5\libm.a(mulsf3.o)
                              main.o (__mulsf3)
d:/amit/embedded systems/avr/bin/../lib/gcc/avr/7.3.0/../../../../avr/lib/avr5\libm.a(mulsf3x.o)
                              d:/amit/embedded systems/avr/bin/../lib/gcc/avr/7.3.0/../../../../avr/lib/avr5\libm.a(mulsf3.o) (__mulsf3x)
d:/amit/embedded systems/avr/bin/../lib/gcc/avr/7.3.0/../../../../avr/lib/avr5\libc.a(sprintf.o)
                              main.o (sprintf)
d:/amit/embedded systems/avr/bin/../lib/gcc/avr/7.3.0/../../../../avr/lib/avr5\libc.a(vfprintf_std.o)
                              d:/amit/embedded systems/avr/bin/../lib/gcc/avr/7.3.0/../../../../avr/lib/avr5\libc.a(sprintf.o) (vfprintf)
d:/amit/embedded systems/avr/bin/../lib/gcc/avr/7.3.0/../../../../avr/lib/avr5\libc.a(strnlen_P.o)
                              d:/amit/embedded systems/avr/bin/../lib/gcc/avr/7.3.0/../../../../avr/lib/avr5\libc.a(vfprintf_std.o) (strnlen_P)
d:/amit/embedded systems/avr/bin/../lib/gcc/avr/7.3.0/../../../../avr/lib/avr5\libc.a(strnlen.o)
                              d:/amit/embedded systems/avr/bin/../lib/gcc/avr/7.3.0/../../../../avr/lib/avr5\libc.a(vfprintf_std.o) (strnlen)
d:/amit/embedded systems/avr/bin/../lib/gcc/avr/7.3.0/../../../../avr/lib/avr5\libc.a(fputc.o)
                              d:/amit/embedded systems/avr/bin/../lib/gcc/avr/7.3.0/../../../../avr/lib/avr5\libc.a(vfprintf_std.o) (fputc)
d:/amit/embedded systems/avr/bin/../lib/gcc/avr/7.3.0/../../../../avr/lib/avr5\libc.a(ultoa_invert.o)
                              d:/amit/embedded systems/avr/bin/../lib/gcc/avr/7.3.0/../../../../avr/lib/avr5\libc.a(vfprintf_std.o) (__ultoa_invert)
d:/amit/embedded systems/avr/bin/../lib/gcc/avr/7.3.0/avr5\libgcc.a(_prologue.o)
                              d:/amit/embedded systems/avr/bin/../lib/gcc/avr/7.3.0/../../../../avr/lib/avr5\libc.a(sprintf.o) (__prologue_saves__)
d:/amit/embedded systems/avr/bin/../lib/gcc/avr/7.3.0/avr5\libgcc.a(_epilogue.o)
                              d:/amit/embedded systems/avr/bin/../lib/gcc/avr/7.3.0/../../../../avr/lib/avr5\libc.a(sprintf.o) (__epilogue_restores__)

Memory Configuration

Name             Origin             Length             Attributes
text             0x00000000         0x00020000         xr
data             0x00800060         0x0000ffa0         rw !x
eeprom           0x00810000         0x00010000         rw !x
fuse             0x00820000         0x00000002         rw !x
lock             0x00830000         0x00000400         rw !x
signature        0x00840000         0x00000400         rw !x
user_signatures  0x00850000         0x00000400         rw !x
*default*        0x00000000         0xffffffff

Linker script and memory map

LOAD d:/amit/embedded systems/avr/bin/../lib/gcc/avr/7.3.0/../../../../avr/lib/avr5/crtatmega32.o
LOAD main.o
LOAD MDIO_program.o
LOAD MTIMER_program.o
LOAD HGLCD_program.o
START GROUP
LOAD d:/amit/embedded systems/avr/bin/../lib/gcc/avr/7.3.0/avr5\libgcc.a
LOAD d:/amit/embedded systems/avr/bin/../lib/gcc/avr/7.3.0/../../../../avr/lib/avr5\libm.a
LOAD d:/amit/embedded systems/avr/bin/../lib/gcc/avr/7.3.0/../../../../avr/lib/avr5\libc.a
LOAD d:/amit/embedded systems/avr/bin/../lib/gcc/avr/7.3.0/../../../../avr/lib/avr5\libatmega32.a
END GROUP
                0x00020000                __TEXT_REGION_LENGTH__ = DEFINED (__TEXT_REGION_LENGTH__)?__TEXT_REGION_LENGTH__:0x20000
                0x0000ffa0                __DATA_REGION_LENGTH__ = DEFINED (__DATA_REGION_LENGTH__)?__DATA_REGION_LENGTH__:0xffa0
                0x00010000                __EEPROM_REGION_LENGTH__ = DEFINED (__EEPROM_REGION_LENGTH__)?__EEPROM_REGION_LENGTH__:0x10000
                [0x00000002]                __FUSE_REGION_LENGTH__ = DEFINED (__FUSE_REGION_LENGTH__)?__FUSE_REGION_LENGTH__:0x400
                0x00000400                __LOCK_REGION_LENGTH__ = DEFINED (__LOCK_REGION_LENGTH__)?__LOCK_REGION_LENGTH__:0x400
                0x00000400                __SIGNATURE_REGION_LENGTH__ = DEFINED (__SIGNATURE_REGION_LENGTH__)?__SIGNATURE_REGION_LENGTH__:0x400
                0x00000400                __USER_SIGNATURE_REGION_LENGTH__ = DEFINED (__USER_SIGNATURE_REGION_LENGTH__)?__USER_SIGNATURE_REGION_LENGTH__:0x400
                0x00800060                __DATA_REGION_ORIGIN__ = DEFINED (__DATA_REGION_ORIGIN__)?__DATA_REGION_ORIGIN__:0x800060

.hash
 *(.hash)

.dynsym
 *(.dynsym)

.dynstr
 *(.dynstr)

.gnu.version
 *(.gnu.version)

.gnu.version_d
 *(.gnu.version_d)

.gnu.version_r
 *(.gnu.version_r)

.rel.init
 *(.rel.init)

.rela.init
 *(.rela.init)

.rel.text
 *(.rel.text)
 *(.rel.text.*)
 *(.rel.gnu.linkonce.t*)

.rela.text
 *(.rela.text)
 *(.rela.text.*)
 *(.rela.gnu.linkonce.t*)

.rel.fini
 *(.rel.fini)

.rela.fini
 *(.rela.fini)

.rel.rodata
 *(.rel.rodata)
 *(.rel.rodata.*)
 *(.rel.gnu.linkonce.r*)

.rela.rodata
 *(.rela.rodata)
 *(.rela.rodata.*)
 *(.rela.gnu.linkonce.r*)

.rel.data
 *(.rel.data)
 *(.rel.data.*)
 *(.rel.gnu.linkonce.d*)

.rela.data
 *(.rela.data)
 *(.rela.data.*)
 *(.rela.gnu.linkonce.d*)

.rel.ctors
 *(.rel.ctors)

.rela.ctors
 *(.rela.ctors)

.rel.dtors
 *(.rel.dtors)

.rela.dtors
 *(.rela.dtors)

.rel.got
 *(.rel.got)

.rela.got
 *(.rela.got)

.rel.bss
 *(.rel.bss)

.rela.bss
 *(.rela.bss)

.rel.plt
 *(.rel.plt)

.rela.plt
 *(.rela.plt)

.text           0x00000000     0x1964
 *(.vectors)
 .vectors       0x00000000       0x54 d:/amit/embedded systems/avr/bin/../lib/gcc/avr/7.3.0/../../../../avr/lib/avr5/crtatmega32.o
                0x00000000                __vector_default
                0x00000000                __vectors
 *(.vectors)
 *(.progmem.gcc*)
                0x00000054                . = ALIGN (0x2)
                0x00000054                __trampolines_start = .
 *(.trampolines)
 .trampolines   0x00000054        0x0 linker stubs
 *(.trampolines*)
                0x00000054                __trampolines_end = .
 *libprintf_flt.a:*(.progmem.data)
 *libc.a:*(.progmem.data)
 *(.progmem*)
                0x00000054                . = ALIGN (0x2)
 *(.jumptables)
 *(.jumptables*)
 *(.lowtext)
 *(.lowtext*)
                0x00000054                __ctors_start = .
 *(.ctors)
                0x00000054                __ctors_end = .
                0x00000054                __dtors_start = .
 *(.dtors)
                0x00000054                __dtors_end = .
 SORT(*)(.ctors)
 SORT(*)(.dtors)
 *(.init0)
 .init0         0x00000054        0x0 d:/amit/embedded systems/avr/bin/../lib/gcc/avr/7.3.0/../../../../avr/lib/avr5/crtatmega32.o
                0x00000054                __init
 *(.init0)
 *(.init1)
 *(.init1)
 *(.init2)
 .init2         0x00000054        0xc d:/amit/embedded systems/avr/bin/../lib/gcc/avr/7.3.0/../../../../avr/lib/avr5/crtatmega32.o
 *(.init2)
 *(.init3)
 *(.init3)
 *(.init4)
 .init4         0x00000060       0x16 d:/amit/embedded systems/avr/bin/../lib/gcc/avr/7.3.0/avr5\libgcc.a(_copy_data.o)
                0x00000060                __do_copy_data
 .init4         0x00000076       0x10 d:/amit/embedded systems/avr/bin/../lib/gcc/avr/7.3.0/avr5\libgcc.a(_clear_bss.o)
                0x00000076                __do_clear_bss
 *(.init4)
 *(.init5)
 *(.init5)
 *(.init6)
 *(.init6)
 *(.init7)
 *(.init7)
 *(.init8)
 *(.init8)
 *(.init9)
 .init9         0x00000086        0x8 d:/amit/embedded systems/avr/bin/../lib/gcc/avr/7.3.0/../../../../avr/lib/avr5/crtatmega32.o
 *(.init9)
 *(.text)
 .text          0x0000008e        0x4 d:/amit/embedded systems/avr/bin/../lib/gcc/avr/7.3.0/../../../../avr/lib/avr5/crtatmega32.o
                0x0000008e                __vector_1
                0x0000008e                __vector_12
                0x0000008e                __bad_interrupt
                0x0000008e                __vector_6
                0x0000008e                __vector_3
                0x0000008e                __vector_11
                0x0000008e                __vector_13
                0x0000008e                __vector_17
                0x0000008e                __vector_19
                0x0000008e                __vector_5
                0x0000008e                __vector_9
                0x0000008e                __vector_2
                0x0000008e                __vector_15
                0x0000008e                __vector_8
                0x0000008e                __vector_14
                0x0000008e                __vector_16
                0x0000008e                __vector_18
                0x0000008e                __vector_20
 .text          0x00000092        0x0 main.o
 .text          0x00000092       0xe6 MDIO_program.o
                0x00000092                mdio_SetPinStatus
                0x000000fa                mdio_SetPinValue
                0x00000138                mdio_TogglePinValue
                0x00000152                mdio_GetPinValue
 .text          0x00000178      0x574 MTIMER_program.o
                0x00000186                mtimer_init
                0x000001dc                mtimer_delayMs_synchronous
                0x000002b8                mtimer_delayMs_asynchronous
                0x00000366                mtimer_runPWM_signal
                0x00000382                mtimer_startPWM_signal
                0x000003b4                mtimer_stopPWM_signal
                0x000003dc                mtimer_getSignal_duty_and_freq
                0x000004c8                __vector_10
                0x00000578                __vector_7
                0x0000063c                __vector_4
 .text          0x000006ec      0x582 HGLCD_program.o
                0x0000085c                hglcd_init
                0x000008aa                hglcd_clearAll
                0x000008e2                hglcd_displayString
 .text          0x00000c6e        0x0 d:/amit/embedded systems/avr/bin/../lib/gcc/avr/7.3.0/avr5\libgcc.a(_udivmodqi4.o)
 .text          0x00000c6e        0x0 d:/amit/embedded systems/avr/bin/../lib/gcc/avr/7.3.0/avr5\libgcc.a(_udivmodsi4.o)
 .text          0x00000c6e        0x0 d:/amit/embedded systems/avr/bin/../lib/gcc/avr/7.3.0/avr5\libgcc.a(_exit.o)
 .text          0x00000c6e        0x0 d:/amit/embedded systems/avr/bin/../lib/gcc/avr/7.3.0/avr5\libgcc.a(_copy_data.o)
 .text          0x00000c6e        0x0 d:/amit/embedded systems/avr/bin/../lib/gcc/avr/7.3.0/avr5\libgcc.a(_clear_bss.o)
 .text          0x00000c6e        0x0 d:/amit/embedded systems/avr/bin/../lib/gcc/avr/7.3.0/avr5\libgcc.a(_umulhisi3.o)
 .text          0x00000c6e        0x0 d:/amit/embedded systems/avr/bin/../lib/gcc/avr/7.3.0/../../../../avr/lib/avr5\libm.a(addsf3.o)
 .text          0x00000c6e        0x0 d:/amit/embedded systems/avr/bin/../lib/gcc/avr/7.3.0/../../../../avr/lib/avr5\libm.a(addsf3x.o)
 .text          0x00000c6e        0x0 d:/amit/embedded systems/avr/bin/../lib/gcc/avr/7.3.0/../../../../avr/lib/avr5\libm.a(divsf3.o)
 .text          0x00000c6e        0x0 d:/amit/embedded systems/avr/bin/../lib/gcc/avr/7.3.0/../../../../avr/lib/avr5\libm.a(divsf3x.o)
 .text          0x00000c6e        0x0 d:/amit/embedded systems/avr/bin/../lib/gcc/avr/7.3.0/../../../../avr/lib/avr5\libm.a(fixunssfsi.o)
 .text          0x00000c6e        0x0 d:/amit/embedded systems/avr/bin/../lib/gcc/avr/7.3.0/../../../../avr/lib/avr5\libm.a(floatsisf.o)
 .text          0x00000c6e        0x0 d:/amit/embedded systems/avr/bin/../lib/gcc/avr/7.3.0/../../../../avr/lib/avr5\libm.a(fp_inf.o)
 .text          0x00000c6e        0x0 d:/amit/embedded systems/avr/bin/../lib/gcc/avr/7.3.0/../../../../avr/lib/avr5\libm.a(fp_nan.o)
 .text          0x00000c6e        0x0 d:/amit/embedded systems/avr/bin/../lib/gcc/avr/7.3.0/../../../../avr/lib/avr5\libm.a(fp_pscA.o)
 .text          0x00000c6e        0x0 d:/amit/embedded systems/avr/bin/../lib/gcc/avr/7.3.0/../../../../avr/lib/avr5\libm.a(fp_pscB.o)
 .text          0x00000c6e        0x0 d:/amit/embedded systems/avr/bin/../lib/gcc/avr/7.3.0/../../../../avr/lib/avr5\libm.a(fp_round.o)
 .text          0x00000c6e        0x0 d:/amit/embedded systems/avr/bin/../lib/gcc/avr/7.3.0/../../../../avr/lib/avr5\libm.a(fp_split3.o)
 .text          0x00000c6e        0x0 d:/amit/embedded systems/avr/bin/../lib/gcc/avr/7.3.0/../../../../avr/lib/avr5\libm.a(fp_zero.o)
 .text          0x00000c6e        0x0 d:/amit/embedded systems/avr/bin/../lib/gcc/avr/7.3.0/../../../../avr/lib/avr5\libm.a(mulsf3.o)
 .text          0x00000c6e        0x0 d:/amit/embedded systems/avr/bin/../lib/gcc/avr/7.3.0/../../../../avr/lib/avr5\libm.a(mulsf3x.o)
 .text          0x00000c6e        0x0 d:/amit/embedded systems/avr/bin/../lib/gcc/avr/7.3.0/../../../../avr/lib/avr5\libc.a(sprintf.o)
 .text          0x00000c6e        0x0 d:/amit/embedded systems/avr/bin/../lib/gcc/avr/7.3.0/../../../../avr/lib/avr5\libc.a(vfprintf_std.o)
 .text          0x00000c6e        0x0 d:/amit/embedded systems/avr/bin/../lib/gcc/avr/7.3.0/../../../../avr/lib/avr5\libc.a(strnlen_P.o)
 .text          0x00000c6e        0x0 d:/amit/embedded systems/avr/bin/../lib/gcc/avr/7.3.0/../../../../avr/lib/avr5\libc.a(strnlen.o)
 .text          0x00000c6e        0x0 d:/amit/embedded systems/avr/bin/../lib/gcc/avr/7.3.0/../../../../avr/lib/avr5\libc.a(fputc.o)
 .text          0x00000c6e        0x0 d:/amit/embedded systems/avr/bin/../lib/gcc/avr/7.3.0/../../../../avr/lib/avr5\libc.a(ultoa_invert.o)
 .text          0x00000c6e        0x0 d:/amit/embedded systems/avr/bin/../lib/gcc/avr/7.3.0/avr5\libgcc.a(_prologue.o)
 .text          0x00000c6e        0x0 d:/amit/embedded systems/avr/bin/../lib/gcc/avr/7.3.0/avr5\libgcc.a(_epilogue.o)
                0x00000c6e                . = ALIGN (0x2)
 *(.text.*)
 .text.startup  0x00000c6e      0x2b6 main.o
                0x00000c6e                main
 .text.libgcc.mul
                0x00000f24        0x0 d:/amit/embedded systems/avr/bin/../lib/gcc/avr/7.3.0/avr5\libgcc.a(_udivmodqi4.o)
 .text.libgcc.div
                0x00000f24       0x18 d:/amit/embedded systems/avr/bin/../lib/gcc/avr/7.3.0/avr5\libgcc.a(_udivmodqi4.o)
                0x00000f24                __udivmodqi4
 .text.libgcc   0x00000f3c        0x0 d:/amit/embedded systems/avr/bin/../lib/gcc/avr/7.3.0/avr5\libgcc.a(_udivmodqi4.o)
 .text.libgcc.prologue
                0x00000f3c        0x0 d:/amit/embedded systems/avr/bin/../lib/gcc/avr/7.3.0/avr5\libgcc.a(_udivmodqi4.o)
 .text.libgcc.builtins
                0x00000f3c        0x0 d:/amit/embedded systems/avr/bin/../lib/gcc/avr/7.3.0/avr5\libgcc.a(_udivmodqi4.o)
 .text.libgcc.fmul
                0x00000f3c        0x0 d:/amit/embedded systems/avr/bin/../lib/gcc/avr/7.3.0/avr5\libgcc.a(_udivmodqi4.o)
 .text.libgcc.fixed
                0x00000f3c        0x0 d:/amit/embedded systems/avr/bin/../lib/gcc/avr/7.3.0/avr5\libgcc.a(_udivmodqi4.o)
 .text.libgcc.mul
                0x00000f3c        0x0 d:/amit/embedded systems/avr/bin/../lib/gcc/avr/7.3.0/avr5\libgcc.a(_udivmodsi4.o)
 .text.libgcc.div
                0x00000f3c       0x44 d:/amit/embedded systems/avr/bin/../lib/gcc/avr/7.3.0/avr5\libgcc.a(_udivmodsi4.o)
                0x00000f3c                __udivmodsi4
 .text.libgcc   0x00000f80        0x0 d:/amit/embedded systems/avr/bin/../lib/gcc/avr/7.3.0/avr5\libgcc.a(_udivmodsi4.o)
 .text.libgcc.prologue
                0x00000f80        0x0 d:/amit/embedded systems/avr/bin/../lib/gcc/avr/7.3.0/avr5\libgcc.a(_udivmodsi4.o)
 .text.libgcc.builtins
                0x00000f80        0x0 d:/amit/embedded systems/avr/bin/../lib/gcc/avr/7.3.0/avr5\libgcc.a(_udivmodsi4.o)
 .text.libgcc.fmul
                0x00000f80        0x0 d:/amit/embedded systems/avr/bin/../lib/gcc/avr/7.3.0/avr5\libgcc.a(_udivmodsi4.o)
 .text.libgcc.fixed
                0x00000f80        0x0 d:/amit/embedded systems/avr/bin/../lib/gcc/avr/7.3.0/avr5\libgcc.a(_udivmodsi4.o)
 .text.libgcc.mul
                0x00000f80        0x0 d:/amit/embedded systems/avr/bin/../lib/gcc/avr/7.3.0/avr5\libgcc.a(_exit.o)
 .text.libgcc.div
                0x00000f80        0x0 d:/amit/embedded systems/avr/bin/../lib/gcc/avr/7.3.0/avr5\libgcc.a(_exit.o)
 .text.libgcc   0x00000f80        0x0 d:/amit/embedded systems/avr/bin/../lib/gcc/avr/7.3.0/avr5\libgcc.a(_exit.o)
 .text.libgcc.prologue
                0x00000f80        0x0 d:/amit/embedded systems/avr/bin/../lib/gcc/avr/7.3.0/avr5\libgcc.a(_exit.o)
 .text.libgcc.builtins
                0x00000f80        0x0 d:/amit/embedded systems/avr/bin/../lib/gcc/avr/7.3.0/avr5\libgcc.a(_exit.o)
 .text.libgcc.fmul
                0x00000f80        0x0 d:/amit/embedded systems/avr/bin/../lib/gcc/avr/7.3.0/avr5\libgcc.a(_exit.o)
 .text.libgcc.fixed
                0x00000f80        0x0 d:/amit/embedded systems/avr/bin/../lib/gcc/avr/7.3.0/avr5\libgcc.a(_exit.o)
 .text.libgcc.mul
                0x00000f80        0x0 d:/amit/embedded systems/avr/bin/../lib/gcc/avr/7.3.0/avr5\libgcc.a(_copy_data.o)
 .text.libgcc.div
                0x00000f80        0x0 d:/amit/embedded systems/avr/bin/../lib/gcc/avr/7.3.0/avr5\libgcc.a(_copy_data.o)
 .text.libgcc   0x00000f80        0x0 d:/amit/embedded systems/avr/bin/../lib/gcc/avr/7.3.0/avr5\libgcc.a(_copy_data.o)
 .text.libgcc.prologue
                0x00000f80        0x0 d:/amit/embedded systems/avr/bin/../lib/gcc/avr/7.3.0/avr5\libgcc.a(_copy_data.o)
 .text.libgcc.builtins
                0x00000f80        0x0 d:/amit/embedded systems/avr/bin/../lib/gcc/avr/7.3.0/avr5\libgcc.a(_copy_data.o)
 .text.libgcc.fmul
                0x00000f80        0x0 d:/amit/embedded systems/avr/bin/../lib/gcc/avr/7.3.0/avr5\libgcc.a(_copy_data.o)
 .text.libgcc.fixed
                0x00000f80        0x0 d:/amit/embedded systems/avr/bin/../lib/gcc/avr/7.3.0/avr5\libgcc.a(_copy_data.o)
 .text.libgcc.mul
                0x00000f80        0x0 d:/amit/embedded systems/avr/bin/../lib/gcc/avr/7.3.0/avr5\libgcc.a(_clear_bss.o)
 .text.libgcc.div
                0x00000f80        0x0 d:/amit/embedded systems/avr/bin/../lib/gcc/avr/7.3.0/avr5\libgcc.a(_clear_bss.o)
 .text.libgcc   0x00000f80        0x0 d:/amit/embedded systems/avr/bin/../lib/gcc/avr/7.3.0/avr5\libgcc.a(_clear_bss.o)
 .text.libgcc.prologue
                0x00000f80        0x0 d:/amit/embedded systems/avr/bin/../lib/gcc/avr/7.3.0/avr5\libgcc.a(_clear_bss.o)
 .text.libgcc.builtins
                0x00000f80        0x0 d:/amit/embedded systems/avr/bin/../lib/gcc/avr/7.3.0/avr5\libgcc.a(_clear_bss.o)
 .text.libgcc.fmul
                0x00000f80        0x0 d:/amit/embedded systems/avr/bin/../lib/gcc/avr/7.3.0/avr5\libgcc.a(_clear_bss.o)
 .text.libgcc.fixed
                0x00000f80        0x0 d:/amit/embedded systems/avr/bin/../lib/gcc/avr/7.3.0/avr5\libgcc.a(_clear_bss.o)
 .text.libgcc.mul
                0x00000f80       0x1e d:/amit/embedded systems/avr/bin/../lib/gcc/avr/7.3.0/avr5\libgcc.a(_umulhisi3.o)
                0x00000f80                __umulhisi3
 .text.libgcc.div
                0x00000f9e        0x0 d:/amit/embedded systems/avr/bin/../lib/gcc/avr/7.3.0/avr5\libgcc.a(_umulhisi3.o)
 .text.libgcc   0x00000f9e        0x0 d:/amit/embedded systems/avr/bin/../lib/gcc/avr/7.3.0/avr5\libgcc.a(_umulhisi3.o)
 .text.libgcc.prologue
                0x00000f9e        0x0 d:/amit/embedded systems/avr/bin/../lib/gcc/avr/7.3.0/avr5\libgcc.a(_umulhisi3.o)
 .text.libgcc.builtins
                0x00000f9e        0x0 d:/amit/embedded systems/avr/bin/../lib/gcc/avr/7.3.0/avr5\libgcc.a(_umulhisi3.o)
 .text.libgcc.fmul
                0x00000f9e        0x0 d:/amit/embedded systems/avr/bin/../lib/gcc/avr/7.3.0/avr5\libgcc.a(_umulhisi3.o)
 .text.libgcc.fixed
                0x00000f9e        0x0 d:/amit/embedded systems/avr/bin/../lib/gcc/avr/7.3.0/avr5\libgcc.a(_umulhisi3.o)
 .text.avr-libc.fplib
                0x00000f9e        0xe d:/amit/embedded systems/avr/bin/../lib/gcc/avr/7.3.0/../../../../avr/lib/avr5\libm.a(addsf3.o)
                0x00000f9e                __subsf3
                0x00000fa0                __addsf3
 .text.avr-libc.fplib
                0x00000fac       0xcc d:/amit/embedded systems/avr/bin/../lib/gcc/avr/7.3.0/../../../../avr/lib/avr5\libm.a(addsf3x.o)
                0x00000fce                __addsf3x
 .text.avr-libc.fplib
                0x00001078        0x8 d:/amit/embedded systems/avr/bin/../lib/gcc/avr/7.3.0/../../../../avr/lib/avr5\libm.a(divsf3.o)
                0x00001078                __divsf3
 .text.avr-libc.fplib
                0x00001080       0xdc d:/amit/embedded systems/avr/bin/../lib/gcc/avr/7.3.0/../../../../avr/lib/avr5\libm.a(divsf3x.o)
                0x000010a0                __divsf3x
                0x000010a6                __divsf3_pse
 .text.avr-libc.fplib
                0x0000115c       0x5e d:/amit/embedded systems/avr/bin/../lib/gcc/avr/7.3.0/../../../../avr/lib/avr5\libm.a(fixunssfsi.o)
                0x0000115c                __fixunssfsi
 .text.avr-libc.fplib
                0x000011ba       0x7a d:/amit/embedded systems/avr/bin/../lib/gcc/avr/7.3.0/../../../../avr/lib/avr5\libm.a(floatsisf.o)
                0x000011ba                __floatunsisf
                0x000011be                __floatsisf
 .text.avr-libc.fplib
                0x00001234        0xc d:/amit/embedded systems/avr/bin/../lib/gcc/avr/7.3.0/../../../../avr/lib/avr5\libm.a(fp_inf.o)
                0x00001234                __fp_inf
 .text.avr-libc.fplib
                0x00001240        0x6 d:/amit/embedded systems/avr/bin/../lib/gcc/avr/7.3.0/../../../../avr/lib/avr5\libm.a(fp_nan.o)
                0x00001240                __fp_nan
 .text.avr-libc.fplib
                0x00001246        0xe d:/amit/embedded systems/avr/bin/../lib/gcc/avr/7.3.0/../../../../avr/lib/avr5\libm.a(fp_pscA.o)
                0x00001246                __fp_pscA
 .text.avr-libc.fplib
                0x00001254        0xe d:/amit/embedded systems/avr/bin/../lib/gcc/avr/7.3.0/../../../../avr/lib/avr5\libm.a(fp_pscB.o)
                0x00001254                __fp_pscB
 .text.avr-libc.fplib
                0x00001262       0x22 d:/amit/embedded systems/avr/bin/../lib/gcc/avr/7.3.0/../../../../avr/lib/avr5\libm.a(fp_round.o)
                0x00001262                __fp_round
 .text.avr-libc.fplib
                0x00001284       0x44 d:/amit/embedded systems/avr/bin/../lib/gcc/avr/7.3.0/../../../../avr/lib/avr5\libm.a(fp_split3.o)
                0x00001284                __fp_split3
                0x00001294                __fp_splitA
 .text.avr-libc.fplib
                0x000012c8        0xe d:/amit/embedded systems/avr/bin/../lib/gcc/avr/7.3.0/../../../../avr/lib/avr5\libm.a(fp_zero.o)
                0x000012c8                __fp_zero
                0x000012ca                __fp_szero
 .text.avr-libc.fplib
                0x000012d6        0x8 d:/amit/embedded systems/avr/bin/../lib/gcc/avr/7.3.0/../../../../avr/lib/avr5\libm.a(mulsf3.o)
                0x000012d6                __mulsf3
 .text.avr-libc.fplib
                0x000012de       0xd2 d:/amit/embedded systems/avr/bin/../lib/gcc/avr/7.3.0/../../../../avr/lib/avr5\libm.a(mulsf3x.o)
                0x000012fc                __mulsf3x
                0x00001302                __mulsf3_pse
 .text.avr-libc
                0x000013b0       0x46 d:/amit/embedded systems/avr/bin/../lib/gcc/avr/7.3.0/../../../../avr/lib/avr5\libc.a(sprintf.o)
                0x000013b0                sprintf
 .text.avr-libc
                0x000013f6      0x3b4 d:/amit/embedded systems/avr/bin/../lib/gcc/avr/7.3.0/../../../../avr/lib/avr5\libc.a(vfprintf_std.o)
                0x000013f6                vfprintf
 .text.avr-libc
                0x000017aa       0x16 d:/amit/embedded systems/avr/bin/../lib/gcc/avr/7.3.0/../../../../avr/lib/avr5\libc.a(strnlen_P.o)
                0x000017aa                strnlen_P
 .text.avr-libc
                0x000017c0       0x16 d:/amit/embedded systems/avr/bin/../lib/gcc/avr/7.3.0/../../../../avr/lib/avr5\libc.a(strnlen.o)
                0x000017c0                strnlen
 .text.avr-libc
                0x000017d6       0x60 d:/amit/embedded systems/avr/bin/../lib/gcc/avr/7.3.0/../../../../avr/lib/avr5\libc.a(fputc.o)
                0x000017d6                fputc
 .text.avr-libc
                0x00001836       0xbc d:/amit/embedded systems/avr/bin/../lib/gcc/avr/7.3.0/../../../../avr/lib/avr5\libc.a(ultoa_invert.o)
                0x00001836                __ultoa_invert
 .text.libgcc.mul
                0x000018f2        0x0 d:/amit/embedded systems/avr/bin/../lib/gcc/avr/7.3.0/avr5\libgcc.a(_prologue.o)
 .text.libgcc.div
                0x000018f2        0x0 d:/amit/embedded systems/avr/bin/../lib/gcc/avr/7.3.0/avr5\libgcc.a(_prologue.o)
 .text.libgcc   0x000018f2        0x0 d:/amit/embedded systems/avr/bin/../lib/gcc/avr/7.3.0/avr5\libgcc.a(_prologue.o)
 .text.libgcc.prologue
                0x000018f2       0x38 d:/amit/embedded systems/avr/bin/../lib/gcc/avr/7.3.0/avr5\libgcc.a(_prologue.o)
                0x000018f2                __prologue_saves__
 .text.libgcc.builtins
                0x0000192a        0x0 d:/amit/embedded systems/avr/bin/../lib/gcc/avr/7.3.0/avr5\libgcc.a(_prologue.o)
 .text.libgcc.fmul
                0x0000192a        0x0 d:/amit/embedded systems/avr/bin/../lib/gcc/avr/7.3.0/avr5\libgcc.a(_prologue.o)
 .text.libgcc.fixed
                0x0000192a        0x0 d:/amit/embedded systems/avr/bin/../lib/gcc/avr/7.3.0/avr5\libgcc.a(_prologue.o)
 .text.libgcc.mul
                0x0000192a        0x0 d:/amit/embedded systems/avr/bin/../lib/gcc/avr/7.3.0/avr5\libgcc.a(_epilogue.o)
 .text.libgcc.div
                0x0000192a        0x0 d:/amit/embedded systems/avr/bin/../lib/gcc/avr/7.3.0/avr5\libgcc.a(_epilogue.o)
 .text.libgcc   0x0000192a        0x0 d:/amit/embedded systems/avr/bin/../lib/gcc/avr/7.3.0/avr5\libgcc.a(_epilogue.o)
 .text.libgcc.prologue
                0x0000192a       0x36 d:/amit/embedded systems/avr/bin/../lib/gcc/avr/7.3.0/avr5\libgcc.a(_epilogue.o)
                0x0000192a                __epilogue_restores__
 .text.libgcc.builtins
                0x00001960        0x0 d:/amit/embedded systems/avr/bin/../lib/gcc/avr/7.3.0/avr5\libgcc.a(_epilogue.o)
 .text.libgcc.fmul
                0x00001960        0x0 d:/amit/embedded systems/avr/bin/../lib/gcc/avr/7.3.0/avr5\libgcc.a(_epilogue.o)
 .text.libgcc.fixed
                0x00001960        0x0 d:/amit/embedded systems/avr/bin/../lib/gcc/avr/7.3.0/avr5\libgcc.a(_epilogue.o)
                0x00001960                . = ALIGN (0x2)
 *(.fini9)
 .fini9         0x00001960        0x0 d:/amit/embedded systems/avr/bin/../lib/gcc/avr/7.3.0/avr5\libgcc.a(_exit.o)
                0x00001960                _exit
                0x00001960                exit
 *(.fini9)
 *(.fini8)
 *(.fini8)
 *(.fini7)
 *(.fini7)
 *(.fini6)
 *(.fini6)
 *(.fini5)
 *(.fini5)
 *(.fini4)
 *(.fini4)
 *(.fini3)
 *(.fini3)
 *(.fini2)
 *(.fini2)
 *(.fini1)
 *(.fini1)
 *(.fini0)
 .fini0         0x00001960        0x4 d:/amit/embedded systems/avr/bin/../lib/gcc/avr/7.3.0/avr5\libgcc.a(_exit.o)
 *(.fini0)
                0x00001964                _etext = .

.data           0x00800060      0x228 load address 0x00001964
                0x00800060                PROVIDE (__data_start, .)
 *(.data)
 .data          0x00800060        0x0 d:/amit/embedded systems/avr/bin/../lib/gcc/avr/7.3.0/../../../../avr/lib/avr5/crtatmega32.o
 .data          0x00800060        0x0 main.o
 .data          0x00800060        0x0 MDIO_program.o
 .data          0x00800060        0x0 MTIMER_program.o
 .data          0x00800060      0x1e0 HGLCD_program.o
                0x00800060                font
 .data          0x00800240        0x0 d:/amit/embedded systems/avr/bin/../lib/gcc/avr/7.3.0/avr5\libgcc.a(_udivmodqi4.o)
 .data          0x00800240        0x0 d:/amit/embedded systems/avr/bin/../lib/gcc/avr/7.3.0/avr5\libgcc.a(_udivmodsi4.o)
 .data          0x00800240        0x0 d:/amit/embedded systems/avr/bin/../lib/gcc/avr/7.3.0/avr5\libgcc.a(_exit.o)
 .data          0x00800240        0x0 d:/amit/embedded systems/avr/bin/../lib/gcc/avr/7.3.0/avr5\libgcc.a(_copy_data.o)
 .data          0x00800240        0x0 d:/amit/embedded systems/avr/bin/../lib/gcc/avr/7.3.0/avr5\libgcc.a(_clear_bss.o)
 .data          0x00800240        0x0 d:/amit/embedded systems/avr/bin/../lib/gcc/avr/7.3.0/avr5\libgcc.a(_umulhisi3.o)
 .data          0x00800240        0x0 d:/amit/embedded systems/avr/bin/../lib/gcc/avr/7.3.0/../../../../avr/lib/avr5\libm.a(addsf3.o)
 .data          0x00800240        0x0 d:/amit/embedded systems/avr/bin/../lib/gcc/avr/7.3.0/../../../../avr/lib/avr5\libm.a(addsf3x.o)
 .data          0x00800240        0x0 d:/amit/embedded systems/avr/bin/../lib/gcc/avr/7.3.0/../../../../avr/lib/avr5\libm.a(divsf3.o)
 .data          0x00800240        0x0 d:/amit/embedded systems/avr/bin/../lib/gcc/avr/7.3.0/../../../../avr/lib/avr5\libm.a(divsf3x.o)
 .data          0x00800240        0x0 d:/amit/embedded systems/avr/bin/../lib/gcc/avr/7.3.0/../../../../avr/lib/avr5\libm.a(fixunssfsi.o)
 .data          0x00800240        0x0 d:/amit/embedded systems/avr/bin/../lib/gcc/avr/7.3.0/../../../../avr/lib/avr5\libm.a(floatsisf.o)
 .data          0x00800240        0x0 d:/amit/embedded systems/avr/bin/../lib/gcc/avr/7.3.0/../../../../avr/lib/avr5\libm.a(fp_inf.o)
 .data          0x00800240        0x0 d:/amit/embedded systems/avr/bin/../lib/gcc/avr/7.3.0/../../../../avr/lib/avr5\libm.a(fp_nan.o)
 .data          0x00800240        0x0 d:/amit/embedded systems/avr/bin/../lib/gcc/avr/7.3.0/../../../../avr/lib/avr5\libm.a(fp_pscA.o)
 .data          0x00800240        0x0 d:/amit/embedded systems/avr/bin/../lib/gcc/avr/7.3.0/../../../../avr/lib/avr5\libm.a(fp_pscB.o)
 .data          0x00800240        0x0 d:/amit/embedded systems/avr/bin/../lib/gcc/avr/7.3.0/../../../../avr/lib/avr5\libm.a(fp_round.o)
 .data          0x00800240        0x0 d:/amit/embedded systems/avr/bin/../lib/gcc/avr/7.3.0/../../../../avr/lib/avr5\libm.a(fp_split3.o)
 .data          0x00800240        0x0 d:/amit/embedded systems/avr/bin/../lib/gcc/avr/7.3.0/../../../../avr/lib/avr5\libm.a(fp_zero.o)
 .data          0x00800240        0x0 d:/amit/embedded systems/avr/bin/../lib/gcc/avr/7.3.0/../../../../avr/lib/avr5\libm.a(mulsf3.o)
 .data          0x00800240        0x0 d:/amit/embedded systems/avr/bin/../lib/gcc/avr/7.3.0/../../../../avr/lib/avr5\libm.a(mulsf3x.o)
 .data          0x00800240        0x0 d:/amit/embedded systems/avr/bin/../lib/gcc/avr/7.3.0/../../../../avr/lib/avr5\libc.a(sprintf.o)
 .data          0x00800240        0x0 d:/amit/embedded systems/avr/bin/../lib/gcc/avr/7.3.0/../../../../avr/lib/avr5\libc.a(vfprintf_std.o)
 .data          0x00800240        0x0 d:/amit/embedded systems/avr/bin/../lib/gcc/avr/7.3.0/../../../../avr/lib/avr5\libc.a(strnlen_P.o)
 .data          0x00800240        0x0 d:/amit/embedded systems/avr/bin/../lib/gcc/avr/7.3.0/../../../../avr/lib/avr5\libc.a(strnlen.o)
 .data          0x00800240        0x0 d:/amit/embedded systems/avr/bin/../lib/gcc/avr/7.3.0/../../../../avr/lib/avr5\libc.a(fputc.o)
 .data          0x00800240        0x0 d:/amit/embedded systems/avr/bin/../lib/gcc/avr/7.3.0/../../../../avr/lib/avr5\libc.a(ultoa_invert.o)
 .data          0x00800240        0x0 d:/amit/embedded systems/avr/bin/../lib/gcc/avr/7.3.0/avr5\libgcc.a(_prologue.o)
 .data          0x00800240        0x0 d:/amit/embedded systems/avr/bin/../lib/gcc/avr/7.3.0/avr5\libgcc.a(_epilogue.o)
 *(.data*)
 *(.gnu.linkonce.d*)
 *(.rodata)
 .rodata        0x00800240       0x18 MDIO_program.o
 *(.rodata*)
 .rodata.str1.1
                0x00800258       0x30 main.o
 *(.gnu.linkonce.r*)
                0x00800288                . = ALIGN (0x2)
                0x00800288                _edata = .
                0x00800288                PROVIDE (__data_end, .)

.bss            0x00800288       0x21
                0x00800288                PROVIDE (__bss_start, .)
 *(.bss)
 .bss           0x00800288        0x0 d:/amit/embedded systems/avr/bin/../lib/gcc/avr/7.3.0/../../../../avr/lib/avr5/crtatmega32.o
 .bss           0x00800288        0x0 main.o
 .bss           0x00800288        0x0 MDIO_program.o
 .bss           0x00800288       0x21 MTIMER_program.o
 .bss           0x008002a9        0x0 HGLCD_program.o
 .bss           0x008002a9        0x0 d:/amit/embedded systems/avr/bin/../lib/gcc/avr/7.3.0/avr5\libgcc.a(_udivmodqi4.o)
 .bss           0x008002a9        0x0 d:/amit/embedded systems/avr/bin/../lib/gcc/avr/7.3.0/avr5\libgcc.a(_udivmodsi4.o)
 .bss           0x008002a9        0x0 d:/amit/embedded systems/avr/bin/../lib/gcc/avr/7.3.0/avr5\libgcc.a(_exit.o)
 .bss           0x008002a9        0x0 d:/amit/embedded systems/avr/bin/../lib/gcc/avr/7.3.0/avr5\libgcc.a(_copy_data.o)
 .bss           0x008002a9        0x0 d:/amit/embedded systems/avr/bin/../lib/gcc/avr/7.3.0/avr5\libgcc.a(_clear_bss.o)
 .bss           0x008002a9        0x0 d:/amit/embedded systems/avr/bin/../lib/gcc/avr/7.3.0/avr5\libgcc.a(_umulhisi3.o)
 .bss           0x008002a9        0x0 d:/amit/embedded systems/avr/bin/../lib/gcc/avr/7.3.0/../../../../avr/lib/avr5\libm.a(addsf3.o)
 .bss           0x008002a9        0x0 d:/amit/embedded systems/avr/bin/../lib/gcc/avr/7.3.0/../../../../avr/lib/avr5\libm.a(addsf3x.o)
 .bss           0x008002a9        0x0 d:/amit/embedded systems/avr/bin/../lib/gcc/avr/7.3.0/../../../../avr/lib/avr5\libm.a(divsf3.o)
 .bss           0x008002a9        0x0 d:/amit/embedded systems/avr/bin/../lib/gcc/avr/7.3.0/../../../../avr/lib/avr5\libm.a(divsf3x.o)
 .bss           0x008002a9        0x0 d:/amit/embedded systems/avr/bin/../lib/gcc/avr/7.3.0/../../../../avr/lib/avr5\libm.a(fixunssfsi.o)
 .bss           0x008002a9        0x0 d:/amit/embedded systems/avr/bin/../lib/gcc/avr/7.3.0/../../../../avr/lib/avr5\libm.a(floatsisf.o)
 .bss           0x008002a9        0x0 d:/amit/embedded systems/avr/bin/../lib/gcc/avr/7.3.0/../../../../avr/lib/avr5\libm.a(fp_inf.o)
 .bss           0x008002a9        0x0 d:/amit/embedded systems/avr/bin/../lib/gcc/avr/7.3.0/../../../../avr/lib/avr5\libm.a(fp_nan.o)
 .bss           0x008002a9        0x0 d:/amit/embedded systems/avr/bin/../lib/gcc/avr/7.3.0/../../../../avr/lib/avr5\libm.a(fp_pscA.o)
 .bss           0x008002a9        0x0 d:/amit/embedded systems/avr/bin/../lib/gcc/avr/7.3.0/../../../../avr/lib/avr5\libm.a(fp_pscB.o)
 .bss           0x008002a9        0x0 d:/amit/embedded systems/avr/bin/../lib/gcc/avr/7.3.0/../../../../avr/lib/avr5\libm.a(fp_round.o)
 .bss           0x008002a9        0x0 d:/amit/embedded systems/avr/bin/../lib/gcc/avr/7.3.0/../../../../avr/lib/avr5\libm.a(fp_split3.o)
 .bss           0x008002a9        0x0 d:/amit/embedded systems/avr/bin/../lib/gcc/avr/7.3.0/../../../../avr/lib/avr5\libm.a(fp_zero.o)
 .bss           0x008002a9        0x0 d:/amit/embedded systems/avr/bin/../lib/gcc/avr/7.3.0/../../../../avr/lib/avr5\libm.a(mulsf3.o)
 .bss           0x008002a9        0x0 d:/amit/embedded systems/avr/bin/../lib/gcc/avr/7.3.0/../../../../avr/lib/avr5\libm.a(mulsf3x.o)
 .bss           0x008002a9        0x0 d:/amit/embedded systems/avr/bin/../lib/gcc/avr/7.3.0/../../../../avr/lib/avr5\libc.a(sprintf.o)
 .bss           0x008002a9        0x0 d:/amit/embedded systems/avr/bin/../lib/gcc/avr/7.3.0/../../../../avr/lib/avr5\libc.a(vfprintf_std.o)
 .bss           0x008002a9        0x0 d:/amit/embedded systems/avr/bin/../lib/gcc/avr/7.3.0/../../../../avr/lib/avr5\libc.a(strnlen_P.o)
 .bss           0x008002a9        0x0 d:/amit/embedded systems/avr/bin/../lib/gcc/avr/7.3.0/../../../../avr/lib/avr5\libc.a(strnlen.o)
 .bss           0x008002a9        0x0 d:/amit/embedded systems/avr/bin/../lib/gcc/avr/7.3.0/../../../../avr/lib/avr5\libc.a(fputc.o)
 .bss           0x008002a9        0x0 d:/amit/embedded systems/avr/bin/../lib/gcc/avr/7.3.0/../../../../avr/lib/avr5\libc.a(ultoa_invert.o)
 .bss           0x008002a9        0x0 d:/amit/embedded systems/avr/bin/../lib/gcc/avr/7.3.0/avr5\libgcc.a(_prologue.o)
 .bss           0x008002a9        0x0 d:/amit/embedded systems/avr/bin/../lib/gcc/avr/7.3.0/avr5\libgcc.a(_epilogue.o)
 *(.bss*)
 *(COMMON)
                0x008002a9                PROVIDE (__bss_end, .)
                0x00001964                __data_load_start = LOADADDR (.data)
                0x00001b8c                __data_load_end = (__data_load_start + SIZEOF (.data))

.noinit         0x008002a9        0x0
                [!provide]                PROVIDE (__noinit_start, .)
 *(.noinit*)
                [!provide]                PROVIDE (__noinit_end, .)
                0x008002a9                _end = .
                [!provide]                PROVIDE (__heap_start, .)

.eeprom         0x00810000        0x0
 *(.eeprom*)
                0x00810000                __eeprom_end = .

.fuse
 *(.fuse)
 *(.lfuse)
 *(.hfuse)
 *(.efuse)

.lock
 *(.lock*)

.signature
 *(.signature*)

.user_signatures
 *(.user_signatures*)

.stab
 *(.stab)

.stabstr
 *(.stabstr)

.stab.excl
 *(.stab.excl)

.stab.exclstr
 *(.stab.exclstr)

.stab.index
 *(.stab.index)

.stab.indexstr
 *(.stab.indexstr)

.comment        0x00000000       0x11
 *(.comment)
 .comment       0x00000000       0x11 main.o
                                 0x12 (size before relaxing)
 .comment       0x00000011       0x12 MDIO_program.o
 .comment       0x00000011       0x12 MTIMER_program.o
 .comment       0x00000011       0x12 HGLCD_program.o
 .comment       0x00000011       0x12 d:/amit/embedded systems/avr/bin/../lib/gcc/avr/7.3.0/../../../../avr/lib/avr5\libc.a(sprintf.o)
 .comment       0x00000011       0x12 d:/amit/embedded systems/avr/bin/../lib/gcc/avr/7.3.0/../../../../avr/lib/avr5\libc.a(vfprintf_std.o)
 .comment       0x00000011       0x12 d:/amit/embedded systems/avr/bin/../lib/gcc/avr/7.3.0/../../../../avr/lib/avr5\libc.a(fputc.o)

.note.gnu.avr.deviceinfo
                0x00000000       0x3c
 .note.gnu.avr.deviceinfo
                0x00000000       0x3c d:/amit/embedded systems/avr/bin/../lib/gcc/avr/7.3.0/../../../../avr/lib/avr5/crtatmega32.o

.note.gnu.build-id
 *(.note.gnu.build-id)

.debug
 *(.debug)

.line
 *(.line)

.debug_srcinfo
 *(.debug_srcinfo)

.debug_sfnames
 *(.debug_sfnames)

.debug_aranges  0x00000000      0x100
 *(.debug_aranges)
 .debug_aranges
                0x00000000       0x20 d:/amit/embedded systems/avr/bin/../lib/gcc/avr/7.3.0/avr5\libgcc.a(_udivmodqi4.o)
 .debug_aranges
                0x00000020       0x20 d:/amit/embedded systems/avr/bin/../lib/gcc/avr/7.3.0/avr5\libgcc.a(_udivmodsi4.o)
 .debug_aranges
                0x00000040       0x20 d:/amit/embedded systems/avr/bin/../lib/gcc/avr/7.3.0/avr5\libgcc.a(_exit.o)
 .debug_aranges
                0x00000060       0x20 d:/amit/embedded systems/avr/bin/../lib/gcc/avr/7.3.0/avr5\libgcc.a(_copy_data.o)
 .debug_aranges
                0x00000080       0x20 d:/amit/embedded systems/avr/bin/../lib/gcc/avr/7.3.0/avr5\libgcc.a(_clear_bss.o)
 .debug_aranges
                0x000000a0       0x20 d:/amit/embedded systems/avr/bin/../lib/gcc/avr/7.3.0/avr5\libgcc.a(_umulhisi3.o)
 .debug_aranges
                0x000000c0       0x20 d:/amit/embedded systems/avr/bin/../lib/gcc/avr/7.3.0/avr5\libgcc.a(_prologue.o)
 .debug_aranges
                0x000000e0       0x20 d:/amit/embedded systems/avr/bin/../lib/gcc/avr/7.3.0/avr5\libgcc.a(_epilogue.o)

.debug_pubnames
 *(.debug_pubnames)

.debug_info     0x00000000      0xabe
 *(.debug_info .gnu.linkonce.wi.*)
 .debug_info    0x00000000      0x4e6 d:/amit/embedded systems/avr/bin/../lib/gcc/avr/7.3.0/../../../../avr/lib/avr5/crtatmega32.o
 .debug_info    0x000004e6       0xbb d:/amit/embedded systems/avr/bin/../lib/gcc/avr/7.3.0/avr5\libgcc.a(_udivmodqi4.o)
 .debug_info    0x000005a1       0xbb d:/amit/embedded systems/avr/bin/../lib/gcc/avr/7.3.0/avr5\libgcc.a(_udivmodsi4.o)
 .debug_info    0x0000065c       0xbb d:/amit/embedded systems/avr/bin/../lib/gcc/avr/7.3.0/avr5\libgcc.a(_exit.o)
 .debug_info    0x00000717       0xbb d:/amit/embedded systems/avr/bin/../lib/gcc/avr/7.3.0/avr5\libgcc.a(_copy_data.o)
 .debug_info    0x000007d2       0xbb d:/amit/embedded systems/avr/bin/../lib/gcc/avr/7.3.0/avr5\libgcc.a(_clear_bss.o)
 .debug_info    0x0000088d       0xbb d:/amit/embedded systems/avr/bin/../lib/gcc/avr/7.3.0/avr5\libgcc.a(_umulhisi3.o)
 .debug_info    0x00000948       0xbb d:/amit/embedded systems/avr/bin/../lib/gcc/avr/7.3.0/avr5\libgcc.a(_prologue.o)
 .debug_info    0x00000a03       0xbb d:/amit/embedded systems/avr/bin/../lib/gcc/avr/7.3.0/avr5\libgcc.a(_epilogue.o)

.debug_abbrev   0x00000000      0x543
 *(.debug_abbrev)
 .debug_abbrev  0x00000000      0x4a3 d:/amit/embedded systems/avr/bin/../lib/gcc/avr/7.3.0/../../../../avr/lib/avr5/crtatmega32.o
 .debug_abbrev  0x000004a3       0x14 d:/amit/embedded systems/avr/bin/../lib/gcc/avr/7.3.0/avr5\libgcc.a(_udivmodqi4.o)
 .debug_abbrev  0x000004b7       0x14 d:/amit/embedded systems/avr/bin/../lib/gcc/avr/7.3.0/avr5\libgcc.a(_udivmodsi4.o)
 .debug_abbrev  0x000004cb       0x14 d:/amit/embedded systems/avr/bin/../lib/gcc/avr/7.3.0/avr5\libgcc.a(_exit.o)
 .debug_abbrev  0x000004df       0x14 d:/amit/embedded systems/avr/bin/../lib/gcc/avr/7.3.0/avr5\libgcc.a(_copy_data.o)
 .debug_abbrev  0x000004f3       0x14 d:/amit/embedded systems/avr/bin/../lib/gcc/avr/7.3.0/avr5\libgcc.a(_clear_bss.o)
 .debug_abbrev  0x00000507       0x14 d:/amit/embedded systems/avr/bin/../lib/gcc/avr/7.3.0/avr5\libgcc.a(_umulhisi3.o)
 .debug_abbrev  0x0000051b       0x14 d:/amit/embedded systems/avr/bin/../lib/gcc/avr/7.3.0/avr5\libgcc.a(_prologue.o)
 .debug_abbrev  0x0000052f       0x14 d:/amit/embedded systems/avr/bin/../lib/gcc/avr/7.3.0/avr5\libgcc.a(_epilogue.o)

.debug_line     0x00000000      0x600
 *(.debug_line .debug_line.* .debug_line_end)
 .debug_line    0x00000000       0x1a d:/amit/embedded systems/avr/bin/../lib/gcc/avr/7.3.0/../../../../avr/lib/avr5/crtatmega32.o
 .debug_line    0x0000001a       0x9e d:/amit/embedded systems/avr/bin/../lib/gcc/avr/7.3.0/avr5\libgcc.a(_udivmodqi4.o)
 .debug_line    0x000000b8      0x122 d:/amit/embedded systems/avr/bin/../lib/gcc/avr/7.3.0/avr5\libgcc.a(_udivmodsi4.o)
 .debug_line    0x000001da       0x62 d:/amit/embedded systems/avr/bin/../lib/gcc/avr/7.3.0/avr5\libgcc.a(_exit.o)
 .debug_line    0x0000023c       0x98 d:/amit/embedded systems/avr/bin/../lib/gcc/avr/7.3.0/avr5\libgcc.a(_copy_data.o)
 .debug_line    0x000002d4       0x86 d:/amit/embedded systems/avr/bin/../lib/gcc/avr/7.3.0/avr5\libgcc.a(_clear_bss.o)
 .debug_line    0x0000035a       0xb0 d:/amit/embedded systems/avr/bin/../lib/gcc/avr/7.3.0/avr5\libgcc.a(_umulhisi3.o)
 .debug_line    0x0000040a       0xfe d:/amit/embedded systems/avr/bin/../lib/gcc/avr/7.3.0/avr5\libgcc.a(_prologue.o)
 .debug_line    0x00000508       0xf8 d:/amit/embedded systems/avr/bin/../lib/gcc/avr/7.3.0/avr5\libgcc.a(_epilogue.o)

.debug_frame
 *(.debug_frame)

.debug_str      0x00000000      0x196
 *(.debug_str)
 .debug_str     0x00000000      0x196 d:/amit/embedded systems/avr/bin/../lib/gcc/avr/7.3.0/../../../../avr/lib/avr5/crtatmega32.o

.debug_loc
 *(.debug_loc)

.debug_macinfo
 *(.debug_macinfo)

.debug_weaknames
 *(.debug_weaknames)

.debug_funcnames
 *(.debug_funcnames)

.debug_typenames
 *(.debug_typenames)

.debug_varnames
 *(.debug_varnames)

.debug_pubtypes
 *(.debug_pubtypes)

.debug_ranges
 *(.debug_ranges)

.debug_macro
 *(.debug_macro)
OUTPUT(main.elf elf32-avr)
LOAD linker stubs
